// Jest Snapshot v1, https://goo.gl/fbAQLP

exports[`Displays with error message 1`] = `
<div
  className="alert alert-danger"
>
  test error msg
</div>
`;
