// Jest Snapshot v1, https://goo.gl/fbAQLP

exports[`Displays with success message 1`] = `
<div
  className="alert alert-success"
>
  test success message
</div>
`;
